[2026-04-04 13:01:08] ============================================================
[2026-04-04 13:01:08] FL Sunbiz Pipeline - One Shot (20260404)
[2026-04-04 13:01:08] ============================================================
[2026-04-04 13:01:08] [nonprofits_general] Starting...
[2026-04-04 13:01:09] [nonprofits_general] Error: [Errno 2] The system cannot find the file specified. 
[2026-04-04 13:01:09] 
Summary: 0/1 succeeded
[2026-04-04 13:01:18] ============================================================
[2026-04-04 13:01:18] FL Sunbiz Pipeline - One Shot (20260403)
[2026-04-04 13:01:18] ============================================================
[2026-04-04 13:01:18] [nonprofits_general] Starting...
[2026-04-04 13:01:20] [nonprofits_general] Filtered: 49 leads
[2026-04-04 13:01:20] [nonprofits_general] Error: No module named 'websearch'
[2026-04-04 13:01:20] 
Summary: 0/1 succeeded
[2026-04-04 13:01:53] ============================================================
[2026-04-04 13:01:53] FL Sunbiz Pipeline - One Shot (20260403)
[2026-04-04 13:01:53] ============================================================
[2026-04-04 13:01:53] [nonprofits_general] Starting...
[2026-04-04 13:01:55] [nonprofits_general] Filtered: 49 leads
[2026-04-04 13:01:55] [nonprofits_general] Skipping email enrichment (no API key set)
[2026-04-04 13:01:55] [nonprofits_general] Sent to contact@gcifl.com
[2026-04-04 13:01:55] 
Summary: 1/1 succeeded
[2026-04-04 13:09:50] ============================================================
[2026-04-04 13:09:50] FL Sunbiz Pipeline - One Shot (20260403)
[2026-04-04 13:09:50] ============================================================
[2026-04-04 13:09:50] [ridgefield] Starting...
[2026-04-04 13:09:50] [ridgefield] Error: No module named 'paramiko'
[2026-04-04 13:09:50] 
Summary: 0/1 succeeded
[2026-04-04 13:10:14] [INFO] ============================================================
[2026-04-04 13:10:14] [INFO] FL Sunbiz Pipeline - 20260403
[2026-04-04 13:10:14] [INFO] ============================================================
[2026-04-04 13:10:14] [INFO] [ridgefield] Starting...
[2026-04-04 13:10:16] [INFO] Downloaded corporate: /Users/latarencebutts/ridgefield/tools/leads/data/20260403_corporate.txt
[2026-04-04 13:10:16] [INFO] Downloaded FIC: /Users/latarencebutts/ridgefield/tools/leads/data/20260403_fictitious.txt
[2026-04-04 13:10:16] [INFO] [ridgefield] Filtered: 197 corporate leads
[2026-04-04 13:10:16] [INFO] [ridgefield] FIC leads: 0
[2026-04-04 13:10:16] [INFO]   Searching: TECHFINLENS LLC...
[2026-04-04 13:10:18] [INFO]   Searching: REFRESH CONSULTING AND SERVICES LLC...
[2026-04-04 13:10:20] [INFO]   Searching: HENRY CLEANING SOLUTIONS LLC...
[2026-04-04 13:10:21] [INFO]   Searching: SUNNY ACRE DEVELOPMENT CORP....
[2026-04-04 13:10:23] [INFO]   Searching: MIPTAG ATHLETECH MANUFACTURING LLC...
[2026-04-04 13:10:23] [INFO] ============================================================
[2026-04-04 13:10:23] [INFO] FL Sunbiz Pipeline - 20260403
[2026-04-04 13:10:23] [INFO] ============================================================
[2026-04-04 13:10:23] [INFO] [ridgefield] Starting...
[2026-04-04 13:10:23] [ERROR] Download error: No module named 'paramiko'
[2026-04-04 13:10:23] [ERROR] [ridgefield] Error: No module named 'paramiko'
[2026-04-04 13:10:23] [INFO] Done.
[2026-04-04 13:10:24] [INFO]   Searching: LAGUERRE CONSULTING GROUP LLC...
[2026-04-04 13:10:25] [INFO]   Searching: JCM IMPROVEMENT AND SOLUTIONS INC...
[2026-04-04 13:10:27] [INFO]   Searching: THE 90TH REFERRAL NETWORK LLC...
[2026-04-04 13:10:28] [INFO]   Searching: NEXTWAVE VENDING SOLUTIONS, LLC...
[2026-04-04 13:10:30] [INFO]   Searching: STEVENSON DIGITAL, LLC...
[2026-04-04 13:10:31] [INFO]   Searching: ALBA HOSPITALITY CONSULTING CORP....
[2026-04-04 13:10:33] [INFO]   Searching: POCKETHOUSE SYSTEMS, LLC...
[2026-04-04 13:10:34] [INFO]   Searching: NEXT MOVE LOGISTICS SOLUTIONS, LLC...
[2026-04-04 13:10:35] [INFO]   Searching: RAMUDDEN URBAN SOLUTIONS, LLC...
[2026-04-04 13:10:37] [INFO]   Searching: J2Z TECH LLC...
[2026-04-04 13:10:38] [INFO]   Searching: INDUSTRY FUSION PLATFORM A, LLC...
[2026-04-04 13:10:40] [INFO]   Searching: INDUSTRY FUSION PLATFORM, LLC...
[2026-04-04 13:10:41] [INFO]   Searching: GULF COAST MARINE SYSTEMS LLC...
[2026-04-04 13:10:42] [INFO]   Searching: TAQ SOLUTIONS, LLC...
[2026-04-04 13:10:44] [INFO]   Searching: NEVERMISS AI, LLC...
[2026-04-04 13:10:45] [INFO]   Searching: BLUTEK SYSTEMS LLC...
[2026-04-04 13:10:47] [INFO]   Searching: JT VENTURES DIGITAL LLC...
[2026-04-04 13:10:48] [INFO]   Searching: GB QUALITY ELECTRICAL SOLUTIONS LLC...
[2026-04-04 13:10:50] [INFO]   Searching: KJW LAUNDRY SOLUTIONS LLC...
[2026-04-04 13:10:51] [INFO]   Searching: PRAEX CYBER INTELLIGENCE LABS LLC...
[2026-04-04 13:10:52] [INFO]   Searching: EVERGREEN SOLUTIONS OF CENTRAL FLORIDA LLC...
[2026-04-04 13:10:54] [INFO]   Searching: BLESSED BY MAI L.L.C....
[2026-04-04 13:10:55] [INFO]   Searching: WOLF CONSULTING NETWORK INC....
[2026-04-04 13:10:57] [INFO]   Searching: MSPNTECHAI CORP....
[2026-04-04 13:10:58] [INFO]   Searching: WELLMIND TECHNOLOGY  LLC...
[2026-04-04 13:10:59] [INFO] [ridgefield] Found emails: 0
[2026-04-04 13:11:00] [INFO] Sent to contact@ridgefield.llc: uHbKPt0fSsORDzQUovQkRQ
[2026-04-04 13:11:00] [INFO] Sent to contact@huntingtonapplied.com: Yopgd8eKRkuCWKotvxrIjg
[2026-04-04 13:11:01] [INFO] Sent to contact@thesignalsinstitute.com: 4SQajQQ6Q2qVNKwdvQC_ug
[2026-04-04 13:11:01] [INFO] Done.
[2026-04-04 13:11:44] [INFO] ============================================================
[2026-04-04 13:11:44] [INFO] FL Sunbiz Pipeline - 20260403
[2026-04-04 13:11:44] [INFO] ============================================================
[2026-04-04 13:11:44] [INFO] [ridgefield] Starting...
[2026-04-04 13:11:44] [ERROR] Download error: No module named 'paramiko'
[2026-04-04 13:11:44] [ERROR] [ridgefield] Error: No module named 'paramiko'
[2026-04-04 13:11:44] [INFO] Done.
[2026-04-04 13:13:08] [INFO] ============================================================
[2026-04-04 13:13:08] [INFO] FL Sunbiz Pipeline - 20260403
[2026-04-04 13:13:08] [INFO] ============================================================
[2026-04-04 13:13:08] [INFO] [ridgefield] Starting...
[2026-04-04 13:13:10] [INFO] Downloaded corporate: /Users/latarencebutts/ridgefield/tools/leads/data/20260403_corporate.txt
[2026-04-04 13:20:02] [INFO] ============================================================
[2026-04-04 13:20:02] [INFO] FL Sunbiz Pipeline - 20260403
[2026-04-04 13:20:02] [INFO] ============================================================
[2026-04-04 13:20:02] [INFO] [ridgefield] Starting...
[2026-04-04 13:20:03] [INFO] Downloaded corporate: /Users/latarencebutts/ridgefield/tools/leads/data/20260403_corporate.txt
[2026-04-04 13:20:04] [INFO] Downloaded FIC: /Users/latarencebutts/ridgefield/tools/leads/data/20260403_fictitious.txt
[2026-04-04 13:20:04] [INFO] [ridgefield] Filtered: 194 corporate leads
[2026-04-04 13:20:04] [INFO] [ridgefield] FIC leads: 0
[2026-04-04 13:20:04] [INFO]   [1/30] TECHFINLENS LLC...
[2026-04-04 13:20:04] [INFO]     Query: TECHFINLENS LLC ST. PETERSBURG  contact email website...
[2026-04-04 13:20:06] [INFO]     Scraping: https://smailpro.com
[2026-04-04 13:20:08] [INFO]     Scraping: https://jmail.world
[2026-04-04 13:20:09] [INFO]     Found: info@intelligencesquared.com (HIGH)
[2026-04-04 13:20:09] [INFO]     Found: lizpotter@luxuryhomeca.com (LOW)
[2026-04-04 13:20:09] [INFO]     Found: editorialstaff@flipboard.com (LOW)
[2026-04-04 13:20:10] [INFO]   [2/30] REFRESH CONSULTING AND SERVICES LLC...
[2026-04-04 13:20:10] [INFO]     Query: REFRESH CONSULTING AND SERVICES LLC LOXAHATCHEE  contact ema...
[2026-04-04 13:20:11] [INFO]     Scraping: https://temp-mail.org
[2026-04-04 13:20:12] [INFO]     Scraping: https://jmail.world
[2026-04-04 13:20:12] [INFO]     Found: info@intelligencesquared.com (HIGH)
[2026-04-04 13:20:12] [INFO]     Found: lizpotter@luxuryhomeca.com (LOW)
[2026-04-04 13:20:12] [INFO]     Found: editorialstaff@flipboard.com (LOW)
[2026-04-04 13:20:13] [INFO]   [3/30] HENRY CLEANING SOLUTIONS LLC...
[2026-04-04 13:20:13] [INFO]     Query: HENRY CLEANING SOLUTIONS LLC DELTONA  contact email website...
[2026-04-04 13:20:15] [INFO]     Scraping: https://www.broward.org
[2026-04-04 13:20:17] [INFO]     Scraping: https://www.energy.gov
[2026-04-04 13:20:19] [INFO]     Found: The.Secretary@hq.doe.gov (LOW)
[2026-04-04 13:20:19] [INFO]     Found: the.secretary@hq.doe.gov (LOW)
[2026-04-04 13:20:19] [INFO]     Found: u0022jeff.beeman@acquia.com (LOW)
[2026-04-04 13:20:20] [INFO]   [4/30] SUNNY ACRE DEVELOPMENT CORP....
[2026-04-04 13:20:20] [INFO]     Query: SUNNY ACRE DEVELOPMENT CORP. FORT LAUDERAL  contact email we...
[2026-04-04 13:20:22] [INFO]     Scraping: https://www.poweringflorida.com
[2026-04-04 13:20:24] [INFO]     Scraping: https://webdocs.fortlauderdale.gov
[2026-04-04 13:20:25] [INFO]     Scraping: https://hollywoodfl.org
[2026-04-04 13:20:28] [INFO]     Found: powering-florida@fpl.com (LOW)
[2026-04-04 13:20:28] [INFO]     Found: citizenservices@hollywoodfl.org (LOW)
[2026-04-04 13:20:28] [INFO]     Found: powering-florida.sharedmailbox@nexteraenergy.com (LOW)
[2026-04-04 13:20:29] [INFO]   [5/30] MIPTAG ATHLETECH MANUFACTURING LLC...
[2026-04-04 13:20:29] [INFO]     Query: MIPTAG ATHLETECH MANUFACTURING LLC MIAMI  contact email webs...
[2026-04-04 13:20:34] [INFO]     Scraping: https://tempgmailer.com
[2026-04-04 13:20:42] [INFO]     Found: contact@tempgmailer.com (HIGH)
[2026-04-04 13:20:42] [INFO]     Found: support@tempgmailer.com (MEDIUM)
[2026-04-04 13:20:42] [INFO]     Found: your@email.com (LOW)
[2026-04-04 13:20:43] [INFO]   [6/30] LAGUERRE CONSULTING GROUP LLC...
[2026-04-04 13:20:43] [INFO]     Query: LAGUERRE CONSULTING GROUP LLC BOYNTON BEACH  contact email w...
[2026-04-04 13:20:44] [INFO]     Scraping: https://lagrangeconsulting.com
[2026-04-04 13:20:47] [INFO]     Scraping: https://www.lgcgroup.com
[2026-04-04 13:20:53] [INFO]     Scraping: https://floridamanagement.net
[2026-04-04 13:21:00] [INFO]     Found: info@floridamanagement.net (HIGH)
[2026-04-04 13:21:01] [INFO]   [7/30] JCM IMPROVEMENT AND SOLUTIONS INC...
[2026-04-04 13:21:01] [INFO]     Query: JCM IMPROVEMENT AND SOLUTIONS INC PEMBROKE PINES  contact em...
[2026-04-04 13:21:03] [INFO]     Scraping: https://jmail.world
[2026-04-04 13:21:03] [INFO]     Found: info@intelligencesquared.com (HIGH)
[2026-04-04 13:21:03] [INFO]     Found: lizpotter@luxuryhomeca.com (LOW)
[2026-04-04 13:21:03] [INFO]     Found: editorialstaff@flipboard.com (LOW)
[2026-04-04 13:21:04] [INFO]   [8/30] THE 90TH REFERRAL NETWORK LLC...
[2026-04-04 13:21:04] [INFO]     Query: THE 90TH REFERRAL NETWORK LLC BOCA RATON  contact email webs...
[2026-04-04 13:21:05] [INFO]     Scraping: https://lesserlawfirm.com
[2026-04-04 13:21:11] [INFO]     Scraping: https://issuu.com
[2026-04-04 13:21:12] [INFO]     Scraping: https://discover.pbcgov.org
[2026-04-04 13:21:14] [INFO]     Found: appetit@3x.png (LOW)
[2026-04-04 13:21:15] [INFO]   [9/30] NEXTWAVE VENDING SOLUTIONS, LLC...
[2026-04-04 13:21:15] [INFO]     Query: NEXTWAVE VENDING SOLUTIONS, LLC HIALEAH  contact email websi...
[2026-04-04 13:21:17] [INFO]     Scraping: https://nextwavevending.com
[2026-04-04 13:21:22] [INFO]     Found: support@nextwavevending.com (MEDIUM)
[2026-04-04 13:21:23] [INFO]   [10/30] STEVENSON DIGITAL, LLC...
[2026-04-04 13:21:23] [INFO]     Query: STEVENSON DIGITAL, LLC LAKE PARK  contact email website...
[2026-04-04 13:21:24] [INFO]     Scraping: https://www.stevensonsearch.com
[2026-04-04 13:21:25] [INFO]     Found: info@stevensonsearch.com (HIGH)
[2026-04-04 13:21:25] [INFO]     Found: jobs@stevensonsearch.com (LOW)
[2026-04-04 13:21:25] [INFO]     Found: name@yourname.com (LOW)
[2026-04-04 13:21:26] [INFO]   [11/30] ALBA HOSPITALITY CONSULTING CORP....
[2026-04-04 13:21:26] [INFO]     Query: ALBA HOSPITALITY CONSULTING CORP. SOUTH MIAMI  contact email...
[2026-04-04 13:21:27] [INFO]     Scraping: https://albawheelsup.com
[2026-04-04 13:21:30] [INFO]     Found: info@cobaltnapa.com (HIGH)
[2026-04-04 13:21:30] [INFO]     Found: info@jasteer.com (HIGH)
[2026-04-04 13:21:30] [INFO]     Found: admin@theperishablespecialist.com (MEDIUM)
[2026-04-04 13:21:31] [INFO]   [12/30] POCKETHOUSE SYSTEMS, LLC...
[2026-04-04 13:21:31] [INFO]     Query: POCKETHOUSE SYSTEMS, LLC SARASOTA  contact email website...
[2026-04-04 13:21:32] [INFO]     Scraping: https://pockethouse.ca
[2026-04-04 13:21:35] [INFO]     Scraping: https://www.mail.com
[2026-04-04 13:21:39] [INFO]     Scraping: https://tempgmailer.com
[2026-04-04 13:21:45] [INFO]     Found: contact@tempgmailer.com (HIGH)
[2026-04-04 13:21:45] [INFO]     Found: support@tempgmailer.com (MEDIUM)
[2026-04-04 13:21:45] [INFO]     Found: jody@pockethouse.ca (LOW)
[2026-04-04 13:21:46] [INFO]   [13/30] NEXT MOVE LOGISTICS SOLUTIONS, LLC...
[2026-04-04 13:21:46] [INFO]     Query: NEXT MOVE LOGISTICS SOLUTIONS, LLC KISSIMMEE  contact email ...
[2026-04-04 13:21:48] [INFO]     Scraping: https://nextmoveshipping.com
[2026-04-04 13:21:57] [INFO]     Scraping: https://nextmove-logistics.com
[2026-04-04 13:21:59] [INFO]     Scraping: https://mynext-move.com
[2026-04-04 13:22:00] [INFO]     Found: admin@mynext-move.com (MEDIUM)
[2026-04-04 13:22:01] [INFO]   [14/30] RAMUDDEN URBAN SOLUTIONS, LLC...
[2026-04-04 13:22:01] [INFO]     Query: RAMUDDEN URBAN SOLUTIONS, LLC BUTLER  contact email website...
[2026-04-04 13:22:03] [INFO]     Scraping: https://www.ramudden.us
[2026-04-04 13:22:08] [INFO]     Found: info@ramudden.us (HIGH)
[2026-04-04 13:22:09] [INFO]   [15/30] J2Z TECH LLC...
[2026-04-04 13:22:09] [INFO]     Query: J2Z TECH LLC FORT LAUDERDALE  contact email website...
[2026-04-04 13:22:10] [INFO]     Scraping: https://skrapp.io
[2026-04-04 13:22:12] [INFO]     Scraping: https://www.j-2-z.com
[2026-04-04 13:22:14] [INFO]     Found: hello@j-2-z.com (HIGH)
[2026-04-04 13:22:14] [INFO]     Found: support@skrapp.io (MEDIUM)
[2026-04-04 13:22:14] [INFO]     Found: user@domain.com (LOW)
[2026-04-04 13:22:15] [INFO]   [16/30] INDUSTRY FUSION PLATFORM A, LLC...
[2026-04-04 13:22:15] [INFO]     Query: INDUSTRY FUSION PLATFORM A, LLC PONTE VEDRA  contact email w...
[2026-04-04 13:22:16] [INFO]     Scraping: https://www.dispatch.com
[2026-04-04 13:22:18] [INFO]     Found: ashoemaker@gannett.com (LOW)
[2026-04-04 13:22:18] [INFO]     Found: shendrickson@dispatch.com (LOW)
[2026-04-04 13:22:18] [INFO]     Found: bhedger@gannett.com (LOW)
[2026-04-04 13:22:19] [INFO]   [17/30] INDUSTRY FUSION PLATFORM, LLC...
[2026-04-04 13:22:19] [INFO]     Query: INDUSTRY FUSION PLATFORM, LLC PONTE VEDRA  contact email web...
[2026-04-04 13:22:21] [INFO]     Scraping: https://fastseo.services
[2026-04-04 13:22:27] [INFO]     Scraping: https://chromewebstore.google.com
[2026-04-04 13:22:28] [INFO]     Found: info@fastseo.services (HIGH)
[2026-04-04 13:22:28] [INFO]     Found: support@wordtune.com (MEDIUM)
[2026-04-04 13:22:28] [INFO]     Found: modest@guitar.com (LOW)
[2026-04-04 13:22:29] [INFO]   [18/30] GULF COAST MARINE SYSTEMS LLC...
[2026-04-04 13:22:29] [INFO]     Query: GULF COAST MARINE SYSTEMS LLC ST. PETERSBURG  contact email ...
[2026-04-04 13:22:30] [INFO]     Scraping: https://www.gulfcoastmarine.com
[2026-04-04 13:22:32] [INFO]     Scraping: https://www.gulfcoastmarinellc.com
[2026-04-04 13:22:36] [INFO]     Scraping: https://www.marinesurveypanamacity.com
[2026-04-04 13:22:39] [INFO]     Found: user@domain.com (LOW)
[2026-04-04 13:22:40] [INFO]   [19/30] TAQ SOLUTIONS, LLC...
[2026-04-04 13:22:40] [INFO]     Query: TAQ SOLUTIONS, LLC GREENACRES  contact email website...
[2026-04-04 13:22:42] [INFO]     Scraping: https://greenacresfl.gov
[2026-04-04 13:22:43] [INFO]     Scraping: https://www.questdiagnostics.com
[2026-04-04 13:22:45] [INFO]     Scraping: https://www.indeed.com
[2026-04-04 13:22:46] [INFO]     Query (address): "5981 WESTAFALL RD" GREENACRES  business contact...
[2026-04-04 13:22:48] [INFO]     Scraping: https://www.bizprofile.net
[2026-04-04 13:22:50] [INFO]     Query (agent): AFFIX TAX SOLUTIONS, LLC GREENACRES  contact...
[2026-04-04 13:22:51] [INFO]     Scraping: https://www.sprintax.com
[2026-04-04 13:22:55] [INFO]     Found: hello@sprintax.com (HIGH)
[2026-04-04 13:22:55] [INFO]     Found: partners@sprintax.com (LOW)
[2026-04-04 13:22:56] [INFO]   [20/30] NEVERMISS AI, LLC...
[2026-04-04 13:22:56] [INFO]     Query: NEVERMISS AI, LLC JACKSONVILLE  contact email website...
[2026-04-04 13:22:58] [INFO]     Scraping: https://nevermiss.com
[2026-04-04 13:22:59] [INFO]     Scraping: https://nevermisscalls.co
[2026-04-04 13:23:01] [INFO]     Scraping: https://msnevermiss.com
[2026-04-04 13:23:04] [INFO]     Query (address): "50 N. LAURA STREET" JACKSONVILLE  business contac...
[2026-04-04 13:23:06] [INFO]     Scraping: https://lumenorconsulting.com
[2026-04-04 13:23:12] [INFO]     Found: info@lumenorconsulting.com (HIGH)
[2026-04-04 13:23:13] [INFO]   [21/30] BLUTEK SYSTEMS LLC...
[2026-04-04 13:23:13] [INFO]     Query: BLUTEK SYSTEMS LLC MIAMI  contact email website...
[2026-04-04 13:23:14] [INFO]     Scraping: https://www.blutek.eu
[2026-04-04 13:23:17] [INFO]     Scraping: https://www.buzzfile.com
[2026-04-04 13:23:18] [INFO]     Scraping: https://www.flcompanyregistry.com
[2026-04-04 13:23:19] [INFO]     Found: info@buzzfile.com (HIGH)
[2026-04-04 13:23:20] [INFO]   [22/30] JT VENTURES DIGITAL LLC...
[2026-04-04 13:23:20] [INFO]     Query: JT VENTURES DIGITAL LLC ORLANDO  contact email website...
[2026-04-04 13:23:21] [INFO]     Scraping: https://www.fortmyersbeachfl.gov
[2026-04-04 13:23:23] [INFO] ============================================================
[2026-04-04 13:23:23] [INFO] FL Sunbiz Pipeline - 20260403
[2026-04-04 13:23:23] [INFO] ============================================================
[2026-04-04 13:23:23] [INFO] [ridgefield] Starting...
[2026-04-04 13:23:24] [INFO]     Scraping: https://cityclerk.lacity.org
[2026-04-04 13:23:24] [INFO] Downloaded corporate: /Users/latarencebutts/ridgefield/tools/leads/data/20260403_corporate.txt
[2026-04-04 13:23:24] [INFO] Downloaded FIC: /Users/latarencebutts/ridgefield/tools/leads/data/20260403_fictitious.txt
[2026-04-04 13:23:24] [INFO] [ridgefield] Filtered: 194 corporate leads
[2026-04-04 13:23:24] [INFO] [ridgefield] FIC leads: 0
[2026-04-04 13:23:25] [INFO]   [1/30] TECHFINLENS LLC...
[2026-04-04 13:23:25] [INFO]     Query: TECHFINLENS LLC ST. PETERSBURG  contact email website...
[2026-04-04 13:23:26] [INFO]     Scraping: https://di-uploads-development.s3.us-east-1.amazonaws.com
[2026-04-04 13:23:26] [INFO]     Scraping: https://www.techfinlens.ai
[2026-04-04 13:23:27] [INFO]     Query (address): "6022 WESTGATE DR" ORLANDO  business contact...
[2026-04-04 13:23:28] [INFO]     Scraping: https://www.yourmembership.com
[2026-04-04 13:23:29] [INFO]     Scraping: https://mears-company.ueniweb.com
[2026-04-04 13:23:32] [INFO]     Found: support@yourmembership.com (MEDIUM)
[2026-04-04 13:23:32] [INFO]     Found: blog-generic-thumb-green@3x.jpg (LOW)
[2026-04-04 13:23:32] [INFO]     Found: subash@techfinlens.ai (LOW)
[2026-04-04 13:23:32] [INFO]     Found: mathieu@mearsandco.com (LOW)
[2026-04-04 13:23:33] [INFO]   [2/30] REFRESH CONSULTING AND SERVICES LLC...
[2026-04-04 13:23:33] [INFO]     Query: REFRESH CONSULTING AND SERVICES LLC LOXAHATCHEE  contact ema...
[2026-04-04 13:23:33] [INFO]   [23/30] GB QUALITY ELECTRICAL SOLUTIONS LLC...
[2026-04-04 13:23:33] [INFO]     Query: GB QUALITY ELECTRICAL SOLUTIONS LLC PLANT CITY  contact emai...
[2026-04-04 13:23:34] [INFO]     Scraping: https://loxahatcheeriver.org
[2026-04-04 13:23:35] [INFO]     Scraping: https://www.coopercity.gov
[2026-04-04 13:23:37] [INFO]     Scraping: https://shoals.com
[2026-04-04 13:23:37] [INFO]     Scraping: https://www.rivierabch.com
[2026-04-04 13:23:38] [INFO]     Found: Info@CooperCity.gov (HIGH)
[2026-04-04 13:23:38] [INFO]     Found: cropped-Artboard-1@4x-270x270.png (LOW)
[2026-04-04 13:23:38] [INFO]     Found: cropped-Artboard-1@4x-192x192.png (LOW)
[2026-04-04 13:23:39] [INFO]   [24/30] KJW LAUNDRY SOLUTIONS LLC...
[2026-04-04 13:23:39] [INFO]     Query: KJW LAUNDRY SOLUTIONS LLC KISSIMMEE  contact email website...
[2026-04-04 13:23:40] [INFO]     Found: info@lrecd.org (HIGH)
[2026-04-04 13:23:40] [INFO]     Found: babaroa@rivierabeach.org (LOW)
[2026-04-04 13:23:40] [INFO]     Found: rmurray@rivierabeach.org (LOW)
[2026-04-04 13:23:40] [INFO]     Scraping: https://www.unreelrealty.com
[2026-04-04 13:23:41] [INFO]   [3/30] HENRY CLEANING SOLUTIONS LLC...
[2026-04-04 13:23:41] [INFO]     Query: HENRY CLEANING SOLUTIONS LLC DELTONA  contact email website...
[2026-04-04 13:23:42] [INFO]     Scraping: https://local.yahoo.com
[2026-04-04 13:23:43] [INFO]     Scraping: https://arsolarcleaning.com
[2026-04-04 13:23:44] [INFO]     Scraping: https://richesmi.cah.ucf.edu
[2026-04-04 13:23:46] [INFO]     Found: DMCAnotice@MLSGrid.com (LOW)
[2026-04-04 13:23:47] [INFO]   [25/30] PRAEX CYBER INTELLIGENCE LABS LLC...
[2026-04-04 13:23:47] [INFO]     Query: PRAEX CYBER INTELLIGENCE LABS LLC ST. PETERSBURG  contact em...
[2026-04-04 13:23:47] [INFO]     Scraping: https://www.homeadvisor.com
[2026-04-04 13:23:48] [INFO]     Scraping: https://yandex.com
[2026-04-04 13:23:50] [INFO]     Found: u003epublicrelations@homeadvisor.com (LOW)
[2026-04-04 13:23:50] [INFO]     Found: google-play-badge-60@2x.png (LOW)
[2026-04-04 13:23:50] [INFO]     Found: u003epartnerships@homeadvisor.com (LOW)
[2026-04-04 13:23:51] [INFO]   [4/30] SUNNY ACRE DEVELOPMENT CORP....
[2026-04-04 13:23:51] [INFO]     Query: SUNNY ACRE DEVELOPMENT CORP. FORT LAUDERAL  contact email we...
[2026-04-04 13:23:53] [INFO]     Scraping: https://tempgmailer.com
[2026-04-04 13:23:53] [INFO]     Scraping: https://www.floridanegocio.com
[2026-04-04 13:23:57] [INFO]     Scraping: https://chromewebstore.google.com
[2026-04-04 13:23:57] [INFO]     Found: support@wordtune.com (MEDIUM)
[2026-04-04 13:23:57] [INFO]     Found: vetted-ai@vetted.ai (LOW)
[2026-04-04 13:23:57] [INFO]     Found: modest@guitar.com (LOW)
[2026-04-04 13:23:58] [INFO]   [5/30] MIPTAG ATHLETECH MANUFACTURING LLC...
[2026-04-04 13:23:58] [INFO]     Query: MIPTAG ATHLETECH MANUFACTURING LLC MIAMI  contact email webs...
[2026-04-04 13:23:59] [INFO]     Found: contact@tempgmailer.com (HIGH)
[2026-04-04 13:23:59] [INFO]     Found: support@tempgmailer.com (MEDIUM)
[2026-04-04 13:23:59] [INFO]     Found: your@email.com (LOW)
[2026-04-04 13:23:59] [INFO]     Scraping: https://miptags.com
[2026-04-04 13:24:00] [INFO]   [26/30] EVERGREEN SOLUTIONS OF CENTRAL FLORIDA LLC...
[2026-04-04 13:24:00] [INFO]     Query: EVERGREEN SOLUTIONS OF CENTRAL FLORIDA LLC ALTAMONTE SPRINGS...
[2026-04-04 13:24:01] [INFO]     Scraping: https://miamioztag.com
[2026-04-04 13:24:02] [INFO]     Scraping: https://www.consultevergreen.com
[2026-04-04 13:24:02] [INFO]     Found: info@consultevergreen.com (HIGH)
[2026-04-04 13:24:02] [INFO]     Found: Evergreen-Solutions-Icon@2x-270x270.png (LOW)
[2026-04-04 13:24:02] [INFO]     Found: Evergreen-Solutions-Icon@2x-180x180.png (LOW)
[2026-04-04 13:24:03] [INFO]   [27/30] WOLF CONSULTING NETWORK INC....
[2026-04-04 13:24:03] [INFO]     Query: WOLF CONSULTING NETWORK INC. BRADENTON  contact email websit...
[2026-04-04 13:24:04] [INFO]     Scraping: https://www.broward.org
[2026-04-04 13:24:05] [INFO]     Scraping: https://www.dcaa.mil
[2026-04-04 13:24:08] [INFO]     Found: dcaa-oal_srfla_nondod@groups.mail.mil (LOW)
[2026-04-04 13:24:08] [INFO]     Found: dcaa.belvoir.land.mbx.customer-br@mail.mil (LOW)
[2026-04-04 13:24:08] [INFO]     Found: dcaa.belvoir.hq.mbx.recruitment@mail.mil (LOW)
[2026-04-04 13:24:09] [INFO]   [28/30] MSPNTECHAI CORP....
[2026-04-04 13:24:09] [INFO]     Query: MSPNTECHAI CORP. WESLEY CHAPEL  contact email website...
[2026-04-04 13:24:09] [INFO]     Scraping: https://athletech.co
[2026-04-04 13:24:10] [INFO]     Scraping: https://completeit.io
[2026-04-04 13:24:11] [INFO]     Found: support@athletech.co (MEDIUM)
[2026-04-04 13:24:11] [INFO]     Found: miami@oztag.com (LOW)
[2026-04-04 13:24:12] [INFO]   [6/30] LAGUERRE CONSULTING GROUP LLC...
[2026-04-04 13:24:12] [INFO]     Query: LAGUERRE CONSULTING GROUP LLC BOYNTON BEACH  contact email w...
[2026-04-04 13:24:14] [INFO]     Scraping: https://jmail.world
[2026-04-04 13:24:14] [INFO]     Found: info@intelligencesquared.com (HIGH)
[2026-04-04 13:24:14] [INFO]     Found: updates@em.sothebys.com (LOW)
[2026-04-04 13:24:14] [INFO]     Found: editorialstaff@flipboard.com (LOW)
[2026-04-04 13:24:15] [INFO]   [7/30] JCM IMPROVEMENT AND SOLUTIONS INC...
[2026-04-04 13:24:15] [INFO]     Query: JCM IMPROVEMENT AND SOLUTIONS INC PEMBROKE PINES  contact em...
[2026-04-04 13:24:16] [INFO]     Scraping: https://complete-i-t-corp-msp-networking-wifi-structured.wheree.com
[2026-04-04 13:24:17] [INFO]     Scraping: https://content.civicplus.com
[2026-04-04 13:24:17] [INFO]     Query (address): "2410 OVERFALLS PL" WESLEY CHAPEL  business contac...
[2026-04-04 13:24:18] [INFO]     Scraping: https://www.solitudelakemanagement.com
[2026-04-04 13:24:20] [INFO]     Scraping: https://pmc.ncbi.nlm.nih.gov
[2026-04-04 13:24:20] [INFO]     Scraping: https://www.realtor.com
[2026-04-04 13:24:21] [INFO]     Query (address): "2271 NW" PEMBROKE PINES  business contact...
[2026-04-04 13:24:23] [INFO]     Scraping: https://www.trulia.com
[2026-04-04 13:24:24] [INFO]     Found: support@realtor-help.invalid (MEDIUM)
[2026-04-04 13:24:24] [INFO]     Found: customercare@realtor.com (LOW)
[2026-04-04 13:24:24] [INFO]     Found: realtorrentals@move.com (LOW)
[2026-04-04 13:24:24] [INFO]     Scraping: https://www.zillow.com
[2026-04-04 13:24:25] [INFO]   [29/30] WELLMIND TECHNOLOGY  LLC...
[2026-04-04 13:24:25] [INFO]     Query: WELLMIND TECHNOLOGY  LLC WINTER SPRINGS  contact email websi...
[2026-04-04 13:24:26] [INFO]     Query (agent): MARIN               JUAN CARLOS PEMBROKE PINES  co...
[2026-04-04 13:24:26] [INFO]     Scraping: https://rocketreach.co
[2026-04-04 13:24:27] [INFO]     Scraping: https://www.cyberbackgroundchecks.com
[2026-04-04 13:24:28] [INFO]     Scraping: https://apps.irs.gov
[2026-04-04 13:24:29] [INFO]   [8/30] THE 90TH REFERRAL NETWORK LLC...
[2026-04-04 13:24:29] [INFO]     Query: THE 90TH REFERRAL NETWORK LLC BOCA RATON  contact email webs...
[2026-04-04 13:24:31] [INFO]     Scraping: https://todaysgrocer.com
[2026-04-04 13:24:32] [INFO]     Scraping: https://lesserlawfirm.com
[2026-04-04 13:24:33] [INFO]     Query (address): "378 BLUE BAYOU LANE" WINTER SPRINGS  business con...
[2026-04-04 13:24:34] [INFO]     Scraping: https://www.compass.com
[2026-04-04 13:24:36] [INFO]     Found: press@compass.com (LOW)
[2026-04-04 13:24:37] [INFO]   [30/30] 1-2-3 LOPEZ HOME SOLUTIONS CORP...
[2026-04-04 13:24:37] [INFO]     Query: 1-2-3 LOPEZ HOME SOLUTIONS CORP MIAMI  contact email website...
[2026-04-04 13:24:38] [INFO]     Scraping: https://www.trulia.com
[2026-04-04 13:24:39] [INFO]     Scraping: https://firstmail.ltd
[2026-04-04 13:24:40] [INFO]     Scraping: https://www.inspirato.com
[2026-04-04 13:24:45] [INFO]     Scraping: https://www.mail2world.com
[2026-04-04 13:24:46] [INFO]     Found: info@inspirato.com (HIGH)
[2026-04-04 13:24:46] [INFO]     Found: u003einfo@inspirato.com (HIGH)
[2026-04-04 13:24:46] [INFO]     Found: partnerships@inspirato.com (LOW)
[2026-04-04 13:24:47] [INFO]   [9/30] NEXTWAVE VENDING SOLUTIONS, LLC...
[2026-04-04 13:24:47] [INFO]     Query: NEXTWAVE VENDING SOLUTIONS, LLC HIALEAH  contact email websi...
[2026-04-04 13:24:47] [INFO]     Query (address): "15327 SW 58 TER" MIAMI  business contact...
[2026-04-04 13:24:48] [INFO]     Scraping: https://nextwavevending.com
[2026-04-04 13:24:50] [INFO]     Found: support@nextwavevending.com (MEDIUM)
[2026-04-04 13:24:51] [INFO]     Scraping: https://www.miamidade.gov
[2026-04-04 13:24:51] [INFO]   [10/30] STEVENSON DIGITAL, LLC...
[2026-04-04 13:24:51] [INFO]     Query: STEVENSON DIGITAL, LLC LAKE PARK  contact email website...
[2026-04-04 13:24:52] [INFO]     Scraping: https://milamsmarkets.com
[2026-04-04 13:24:53] [INFO]     Scraping: https://chromewebstore.google.com
[2026-04-04 13:24:53] [INFO]     Found: support@wordtune.com (MEDIUM)
[2026-04-04 13:24:53] [INFO]     Found: vetted-ai@vetted.ai (LOW)
[2026-04-04 13:24:53] [INFO]     Found: modest@guitar.com (LOW)
[2026-04-04 13:24:54] [INFO]   [11/30] ALBA HOSPITALITY CONSULTING CORP....
[2026-04-04 13:24:54] [INFO]     Query: ALBA HOSPITALITY CONSULTING CORP. SOUTH MIAMI  contact email...
[2026-04-04 13:24:56] [INFO]     Found: press@milamsmarkets.com (LOW)
[2026-04-04 13:24:57] [INFO] [ridgefield] Found emails: 30
[2026-04-04 13:24:58] [INFO] Sent to contact@ridgefield.llc: 10B7FqdUTCKGEQ3tF-1t2w
[2026-04-04 13:24:58] [INFO] Sent to contact@huntingtonapplied.com: 89SC7GqqRM2-W10Few33SA
[2026-04-04 13:24:58] [INFO]     Scraping: https://spotonflorida.com
[2026-04-04 13:24:58] [INFO] Sent to contact@thesignalsinstitute.com: YyICuAO3SZqBVECPj-zo7Q
[2026-04-04 13:24:58] [INFO] Done.
[2026-04-04 13:25:01] [INFO]     Scraping: https://www.hospitalityfinder.co.uk
[2026-04-04 13:25:13] [INFO]     Scraping: https://jmail.world
[2026-04-04 13:25:13] [INFO]     Found: info@intelligencesquared.com (HIGH)
[2026-04-04 13:25:13] [INFO]     Found: info@NewsChamber.com (HIGH)
[2026-04-04 13:25:13] [INFO]     Found: updates@em.sothebys.com (LOW)
[2026-04-04 13:25:14] [INFO]   [12/30] POCKETHOUSE SYSTEMS, LLC...
[2026-04-04 13:25:14] [INFO]     Query: POCKETHOUSE SYSTEMS, LLC SARASOTA  contact email website...
[2026-04-04 13:25:16] [INFO]     Scraping: https://pockethouse.ca
[2026-04-04 13:25:17] [INFO]     Scraping: https://tempgmailer.com
[2026-04-04 13:25:23] [INFO]     Found: contact@tempgmailer.com (HIGH)
[2026-04-04 13:25:23] [INFO]     Found: support@tempgmailer.com (MEDIUM)
[2026-04-04 13:25:23] [INFO]     Found: your@email.com (LOW)
[2026-04-04 13:25:24] [INFO]   [13/30] NEXT MOVE LOGISTICS SOLUTIONS, LLC...
[2026-04-04 13:25:24] [INFO]     Query: NEXT MOVE LOGISTICS SOLUTIONS, LLC KISSIMMEE  contact email ...
[2026-04-04 13:25:26] [INFO]     Scraping: https://www.ups.com
[2026-04-04 13:25:47] [INFO]     Scraping: https://www.a1autotransport.com
[2026-04-04 13:25:49] [INFO]     Scraping: https://www.cevalogistics.com
[2026-04-04 13:25:54] [INFO]     Found: info@a1autotransport.com (HIGH)
[2026-04-04 13:25:55] [INFO]   [14/30] RAMUDDEN URBAN SOLUTIONS, LLC...
[2026-04-04 13:25:55] [INFO]     Query: RAMUDDEN URBAN SOLUTIONS, LLC BUTLER  contact email website...
[2026-04-04 13:25:56] [INFO]     Scraping: https://www.ramudden.us
[2026-04-04 13:26:00] [INFO]     Scraping: https://www.chevrontm.com
[2026-04-04 13:26:07] [INFO]     Found: info@ramudden.us (HIGH)
[2026-04-04 13:26:07] [INFO]     Found: trafficmanagement@chevrontm.com (LOW)
[2026-04-04 13:26:07] [INFO]     Found: TrafficManagement@ChevronTM.com (LOW)
[2026-04-04 13:26:08] [INFO]   [15/30] J2Z TECH LLC...
[2026-04-04 13:26:08] [INFO]     Query: J2Z TECH LLC FORT LAUDERDALE  contact email website...
[2026-04-04 13:26:10] [INFO]     Scraping: https://jmail.world
[2026-04-04 13:26:11] [INFO]     Found: info@intelligencesquared.com (HIGH)
[2026-04-04 13:26:11] [INFO]     Found: updates@em.sothebys.com (LOW)
[2026-04-04 13:26:11] [INFO]     Found: editorialstaff@flipboard.com (LOW)
[2026-04-04 13:26:12] [INFO]   [16/30] INDUSTRY FUSION PLATFORM A, LLC...
[2026-04-04 13:26:12] [INFO]     Query: INDUSTRY FUSION PLATFORM A, LLC PONTE VEDRA  contact email w...
[2026-04-04 13:26:13] [INFO]     Scraping: https://chromewebstore.google.com
[2026-04-04 13:26:14] [INFO]     Found: support@wordtune.com (MEDIUM)
[2026-04-04 13:26:14] [INFO]     Found: vetted-ai@vetted.ai (LOW)
[2026-04-04 13:26:14] [INFO]     Found: modest@guitar.com (LOW)
[2026-04-04 13:26:15] [INFO]   [17/30] INDUSTRY FUSION PLATFORM, LLC...
[2026-04-04 13:26:15] [INFO]     Query: INDUSTRY FUSION PLATFORM, LLC PONTE VEDRA  contact email web...
[2026-04-04 13:26:16] [INFO]     Scraping: https://atomicmail.io
[2026-04-04 13:26:19] [INFO]     Scraping: https://www.joinchargeback.com
[2026-04-04 13:26:21] [INFO]     Scraping: https://jmail.world
[2026-04-04 13:26:21] [INFO]     Found: info@intelligencesquared.com (HIGH)
[2026-04-04 13:26:21] [INFO]     Found: support@atomicmail.io (MEDIUM)
[2026-04-04 13:26:21] [INFO]     Found: updates@em.sothebys.com (LOW)
[2026-04-04 13:26:22] [INFO]   [18/30] GULF COAST MARINE SYSTEMS LLC...
[2026-04-04 13:26:22] [INFO]     Query: GULF COAST MARINE SYSTEMS LLC ST. PETERSBURG  contact email ...
[2026-04-04 13:26:25] [INFO]     Scraping: https://gulfcoast-marine.com
[2026-04-04 13:26:25] [INFO]     Scraping: https://k2marinesystems.com
[2026-04-04 13:26:31] [INFO]     Scraping: https://ukrcrewing.com.ua
[2026-04-04 13:26:32] [INFO]     Found: info@k2marinesystems.com (HIGH)
[2026-04-04 13:26:32] [INFO]     Found: office@daphne.od.ua (HIGH)
[2026-04-04 13:26:32] [INFO]     Found: ukraine@uniteammarine.com (LOW)
[2026-04-04 13:26:33] [INFO]   [19/30] TAQ SOLUTIONS, LLC...
[2026-04-04 13:26:33] [INFO]     Query: TAQ SOLUTIONS, LLC GREENACRES  contact email website...
[2026-04-04 13:26:36] [INFO]     Scraping: https://en.wikipedia.org
[2026-04-04 13:26:37] [INFO]     Scraping: https://tempgmailer.com
[2026-04-04 13:26:43] [INFO]     Found: contact@tempgmailer.com (HIGH)
[2026-04-04 13:26:43] [INFO]     Found: support@tempgmailer.com (MEDIUM)
[2026-04-04 13:26:43] [INFO]     Found: your@email.com (LOW)
[2026-04-04 13:26:44] [INFO]   [20/30] NEVERMISS AI, LLC...
[2026-04-04 13:26:44] [INFO]     Query: NEVERMISS AI, LLC JACKSONVILLE  contact email website...
[2026-04-04 13:26:46] [INFO]     Scraping: https://nevermisshq.com
[2026-04-04 13:26:48] [INFO]     Scraping: https://nevermiss.com
[2026-04-04 13:26:49] [INFO]     Scraping: https://github.com
[2026-04-04 13:26:52] [INFO]     Found: rayhanmahmood@nevermisshq.com (LOW)
[2026-04-04 13:26:52] [INFO]     Found: you@domain.com (LOW)
[2026-04-04 13:26:53] [INFO]   [21/30] BLUTEK SYSTEMS LLC...
[2026-04-04 13:26:53] [INFO]     Query: BLUTEK SYSTEMS LLC MIAMI  contact email website...
[2026-04-04 13:26:54] [INFO]     Scraping: https://www.blutek.eu
[2026-04-04 13:26:56] [INFO]     Scraping: https://powersupplycompanies.com
[2026-04-04 13:27:04] [INFO]     Scraping: https://blutek-water.com
[2026-04-04 13:27:22] [INFO]     Found: janelle@blutek-water.com (LOW)
[2026-04-04 13:27:23] [INFO]   [22/30] JT VENTURES DIGITAL LLC...
[2026-04-04 13:27:23] [INFO]     Query: JT VENTURES DIGITAL LLC ORLANDO  contact email website...
[2026-04-04 13:27:25] [INFO]     Scraping: https://jtedigitalllc.com
[2026-04-04 13:27:32] [INFO]     Scraping: https://www.jtventures.eu
[2026-04-04 13:27:50] [INFO]     Found: info@jtempreintedigital.com (HIGH)
[2026-04-04 13:27:50] [INFO]     Found: info@jtedigitalllc.com (HIGH)
[2026-04-04 13:27:50] [INFO]     Found: nexus@jtventures.eu (LOW)
[2026-04-04 13:27:51] [INFO]   [23/30] GB QUALITY ELECTRICAL SOLUTIONS LLC...
[2026-04-04 13:27:51] [INFO]     Query: GB QUALITY ELECTRICAL SOLUTIONS LLC PLANT CITY  contact emai...
[2026-04-04 13:27:53] [INFO]     Scraping: https://americanoelectrical.com
[2026-04-04 13:27:55] [INFO]     Scraping: https://electricalsolutionsllc.com
[2026-04-04 13:28:00] [INFO]     Scraping: https://ac-electrical-solution.com
[2026-04-04 13:28:01] [INFO]     Found: info@electricalsolutionsllc.com (HIGH)
[2026-04-04 13:28:02] [INFO]   [24/30] KJW LAUNDRY SOLUTIONS LLC...
[2026-04-04 13:28:02] [INFO]     Query: KJW LAUNDRY SOLUTIONS LLC KISSIMMEE  contact email website...
[2026-04-04 13:28:04] [INFO]     Scraping: https://ipso.com
[2026-04-04 13:28:11] [INFO]     Scraping: https://smailpro.com
[2026-04-04 13:28:14] [INFO]     Scraping: https://chromewebstore.google.com
[2026-04-04 13:28:14] [INFO]     Found: support@wordtune.com (MEDIUM)
[2026-04-04 13:28:14] [INFO]     Found: vetted-ai@vetted.ai (LOW)
[2026-04-04 13:28:14] [INFO]     Found: modest@guitar.com (LOW)
[2026-04-04 13:28:15] [INFO]   [25/30] PRAEX CYBER INTELLIGENCE LABS LLC...
[2026-04-04 13:28:15] [INFO]     Query: PRAEX CYBER INTELLIGENCE LABS LLC ST. PETERSBURG  contact em...
[2026-04-04 13:28:17] [INFO]     Scraping: https://tempgmailer.com
[2026-04-04 13:28:23] [INFO]     Found: contact@tempgmailer.com (HIGH)
[2026-04-04 13:28:23] [INFO]     Found: support@tempgmailer.com (MEDIUM)
[2026-04-04 13:28:23] [INFO]     Found: your@email.com (LOW)
[2026-04-04 13:28:24] [INFO]   [26/30] EVERGREEN SOLUTIONS OF CENTRAL FLORIDA LLC...
[2026-04-04 13:28:24] [INFO]     Query: EVERGREEN SOLUTIONS OF CENTRAL FLORIDA LLC ALTAMONTE SPRINGS...
[2026-04-04 13:28:26] [INFO]     Scraping: https://indacom.es
[2026-04-04 13:28:30] [INFO]     Scraping: https://www.groupon.com
[2026-04-04 13:28:34] [INFO]     Scraping: https://agency.nationwide.com
[2026-04-04 13:28:36] [INFO]     Query (address): "1070 MONTGOMERY RD" ALTAMONTE SPRINGS  business c...
[2026-04-04 13:28:38] [INFO]     Scraping: https://locations.postnet.com
[2026-04-04 13:28:39] [INFO]     Scraping: https://www.empowerenterprisegroup.com
[2026-04-04 13:28:41] [INFO]     Query (agent): MATEO CORTES        JOSE          LSR. ALTAMONTE S...
[2026-04-04 13:28:44] [WARN]     Search error: No results found.
[2026-04-04 13:28:45] [INFO]   [27/30] WOLF CONSULTING NETWORK INC....
[2026-04-04 13:28:45] [INFO]     Query: WOLF CONSULTING NETWORK INC. BRADENTON  contact email websit...
[2026-04-04 13:28:47] [INFO]     Scraping: https://rocketreach.co
[2026-04-04 13:28:49] [INFO]     Scraping: https://www.wolfconsultingnetwork.com
[2026-04-04 13:28:51] [INFO]     Scraping: https://www.city-data.com
[2026-04-04 13:28:53] [INFO]     Found: wolf_consulting@comcast.net (LOW)
[2026-04-04 13:28:53] [INFO]     Found: user@domain.com (LOW)
[2026-04-04 13:28:54] [INFO]   [28/30] MSPNTECHAI CORP....
[2026-04-04 13:28:54] [INFO]     Query: MSPNTECHAI CORP. WESLEY CHAPEL  contact email website...
[2026-04-04 13:28:56] [INFO]     Scraping: https://www.usaypage.com
[2026-04-04 13:28:58] [INFO]     Scraping: https://www.citriusparkmedicalcare.com
[2026-04-04 13:29:00] [INFO]     Scraping: https://www.wesleychapelnissan.com
[2026-04-04 13:29:02] [INFO]     Query (address): "2410 OVERFALLS PL" WESLEY CHAPEL  business contac...
[2026-04-04 13:29:03] [INFO]     Scraping: https://www.realtor.com
[2026-04-04 13:29:07] [INFO]     Found: support@realtor-help.invalid (MEDIUM)
[2026-04-04 13:29:07] [INFO]     Found: realtorrentals@move.com (LOW)
[2026-04-04 13:29:07] [INFO]     Found: customercare@realtor.com (LOW)
[2026-04-04 13:29:08] [INFO]   [29/30] WELLMIND TECHNOLOGY  LLC...
[2026-04-04 13:29:08] [INFO]     Query: WELLMIND TECHNOLOGY  LLC WINTER SPRINGS  contact email websi...
[2026-04-04 13:29:09] [INFO]     Scraping: https://www.wellmind.com
[2026-04-04 13:29:14] [INFO]     Scraping: https://wellmind.pnasoftware.com
[2026-04-04 13:29:25] [INFO]     Scraping: https://mentalhealthaihub.com
[2026-04-04 13:29:30] [INFO]     Found: contact@payhip.com (HIGH)
[2026-04-04 13:29:31] [INFO]   [30/30] 1-2-3 LOPEZ HOME SOLUTIONS CORP...
[2026-04-04 13:29:31] [INFO]     Query: 1-2-3 LOPEZ HOME SOLUTIONS CORP MIAMI  contact email website...
[2026-04-04 13:29:33] [INFO]     Scraping: https://nextdoor.com
[2026-04-04 13:29:35] [INFO]     Scraping: https://lopezhomesolutionsllc.com
[2026-04-04 13:29:37] [INFO]     Scraping: https://truckingdatabase.com
[2026-04-04 13:29:38] [INFO]     Found: info@indiantypefoundry.com (HIGH)
[2026-04-04 13:29:39] [INFO] [ridgefield] Found emails: 28
[2026-04-04 13:29:39] [INFO] Sent to contact@ridgefield.llc: FL_mCSMCRf69eoirHuRXZA
[2026-04-04 13:29:40] [INFO] Sent to contact@huntingtonapplied.com: MvYvy8vSSD6pQArqAiC5ZA
[2026-04-04 13:29:40] [INFO] Sent to contact@thesignalsinstitute.com: ooFQXbUEQfy1GRBsT70ifA
[2026-04-04 13:29:40] [INFO] Done.
[2026-04-04 13:31:34] [INFO] ============================================================
[2026-04-04 13:31:34] [INFO] FL Sunbiz Pipeline - 20260403
[2026-04-04 13:31:34] [INFO] ============================================================
[2026-04-04 13:31:34] [INFO] [ridgefield] Starting...
[2026-04-04 13:31:34] [INFO] [ridgefield] Downloading 5 days of filings: 20260403 to 20260330
[2026-04-04 13:31:34] [ERROR] Download error: No module named 'paramiko'
[2026-04-04 13:31:34] [ERROR] [ridgefield] Error: No module named 'paramiko'
[2026-04-04 13:31:34] [INFO] Done.
